// Jest Snapshot v1, https://goo.gl/fbAQLP

exports[`render a footer 1`] = `
<styled.div>
  <div
    className="chp-footer-wrapper"
  >
    <div
      className="ui container chp-full-width"
    >
      <div
        className="ui grid"
      >
        <div
          className="sixteen wide mobile eight wide computer column chp-footer-element"
        >
          <div
            className="ui middle aligned centered grid chp-footer-phone"
          >
            <div
              className="row"
            >
              <div
                className="right aligned four wide column"
              >
                <i
                  className="chp-icon phone icon"
                />
              </div>
              <div
                className="left aligned twelve wide column"
              >
                <div
                  className="chp-text"
                >
                  Позвоните нам:
                </div>
                <a
                  className="chp-phone"
                  href="tel:+380504864980"
                >
                  +38 (050) 486-49-80
                </a>
                <br />
                <a
                  className="chp-phone"
                  href="tel:+380637862478"
                >
                  +38 (063) 786-24-78
                </a>
              </div>
            </div>
          </div>
        </div>
        <div
          className="sixteen wide mobile eight wide computer column chp-footer-element"
        >
          <div
            className="ui middle aligned grid chp-footer-mail"
          >
            <div
              className="row"
            >
              <div
                className="right aligned four wide column"
              >
                <i
                  className="chp-icon envelope outline icon"
                />
              </div>
              <div
                className="left aligned twelve wide column"
              >
                <a
                  className="chp-mail"
                  href="mailto:yraseverinov@gmail.com"
                >
                  yraseverinov@gmail.com
                </a>
              </div>
            </div>
            <div
              className="row"
            >
              <div
                className="sixteen wide column chp-copy"
              >
                <a
                  href="http://chp.zp.ua/"
                >
                  chp.zp.ua
                </a>
                 @ 
                2019
              </div>
            </div>
          </div>
        </div>
      </div>
    </div>
  </div>
</styled.div>
`;
